tureExtractor::test_shuttle_direction_down PASSED [ 54%]
tests/test_feature_extractor.py::TestFeatureExtractor::test_velocity_decay_rate PASSED [ 55%]
tests/test_feature_extractor.py::TestFeatureExtractor::test_direction_reversal_tracks_last_hitter PASSED [ 57%]
tests/test_feature_extractor.py::TestFeatureExtractor::test_smash_detection PASSED [ 58%]
tests/test_feature_extractor.py::TestFeatureExtractor::test_no_shuttle_grace_period PASSED [ 60%]
tests/test_feature_extractor.py::TestFeatureExtractor::test_stationary_after_grace_period PASSED [ 61%]
tests/test_feature_extractor.py::TestFeatureExtractor::test_rally_lifecycle PASSED [ 63%]
tests/test_feature_extractor.py::TestFeatureExtractor::test_player_displacement PASSED [ 64%]
tests/test_feature_extractor.py::TestFeatureExtractor::test_trajectory_buffer PASSED [ 66%]
tests/test_feature_extractor.py::TestFeatureExtractor::test_kalman_acceleration_passthrough PASSED [ 67%]
tests/test_feature_extractor.py::TestShuttlePhaseStateMachine::test_initial_phase_is_idle PASSED [ 69%]
tests/test_feature_extractor.py::TestShuttlePhaseStateMachine::test_phase_idle_to_hit PASSED [ 70%]
tests/test_feature_extractor.py::TestShuttlePhaseStateMachine::test_phase_set_externally PASSED [ 72%]
tests/test_feature_extractor.py::TestShuttlePhaseStateMachine::test_phase_resets_on_rally_end PASSED [ 73%]
tests/test_feature_extractor.py::TestShuttlePhaseStateMachine::test_reset_clears_phase PASSED [ 75%]
tests/test_tracker.py::TestCentroidTracker::test_register_two_players PASSED [ 76%]
tests/test_tracker.py::TestCentroidTracker::test_single_player_bottom PASSED [ 77%]
tests/test_tracker.py::TestCentroidTracker::test_single_player_top PASSED [ 79%]
tests/test_tracker.py::TestCentroidTracker::test_shuttle_detection_and_tracking PASSED [ 80%]
tests/test_tracker.py::TestCentroidTracker::test_shuttle_kalman_prediction PASSED [ 82%]
tests/test_tracker.py::TestCentroidTracker::test_shuttle_deregister_after_long_gap PASSED [ 83%]
tests/test_tracker.py::TestCentroidTracker::test_player_identity_persists PASSED [ 85%]
tests/test_tracker.py::TestCentroidTracker::test_clear_and_reset PASSED  [ 86%]
tests/test_tracker.py::TestCentroidTracker::test_get_shuttle_kalman PASSED [ 88%]
tests/test_tracker.py::TestShuttleKalmanFilter::test_initial_correction PASSED [ 89%]
tests/test_tracker.py::TestShuttleKalmanFilter::test_predict_without_init PASSED [ 91%]
tests/test_tracker.py::TestShuttleKalmanFilter::test_predict_after_correction PASSED [ 92%]
tests/test_tracker.py::TestShuttleKalmanFilter::test_velocity_and_acceleration PASSED [ 94%]
tests/test_tracker.py::TestShuttleKalmanFilter::test_is_decelerating PASSED [ 95%]
tests/test_tracker.py::TestShuttleKalmanFilter::test_max_predict_limit PASSED [ 97%]
tests/test_tracker.py::TestShuttleKalmanFilter::test_get_speed PASSED    [ 98%]
tests/test_tracker.py::TestShuttleKalmanFilter::test_reset PASSED        [100%]

============================= 68 passed in 18.07s =============================

RETURN: 0